2 5
   1    1    0    0  -28 
   1   -1    0    0   31 
