6 5
   1    0    0    1    0 
   1    0    1    0   -1 
   1    1   -1    0    0 
   1    1    0  -32    0 
   1   -1    0   32   31 
   1   -1    0    0  128 
6 5
   1    0    0    1    0 
   1    1   -1    0    0 
   1    1    0  -32    0 
   1   -1    0   32   31 
   1   -1    0    0  128 
   1    0    1    0   -1 
