---------------------------------------
Domain :
         P  -5 >= 0
          1 >= 0

Vertices :
[ 5,  5,  5 ]
[ 3,  3,  5 ]
[ 3,  3,  3 ]
[ P,  5,  5 ]
[ P,  3,  5 ]
[ P,  3,  3 ]

Ehrhart Polynomial:
( 6 * P + -16 )

---------------------------------------
Domain :
         P  -3 >= 0
         - P + 5 >= 0

Vertices :
[ 3,  3,  5 ]
[ 3,  3,  3 ]
[ P,  P,  5 ]
[ P,  P,  P ]
[ P,  3,  5 ]
[ P,  3,  3 ]

Ehrhart Polynomial:
( 1/2 * P^2 + 3/2 * P + -6 )

