POLYHEDRON Dimension:13
           Constraints:21  Equations:4  Rays:384  Lines:0
Constraints 21 15
Equality:   [  0   0   0   1  -1   0   0   0   0   0   0   0   0   0  ]
Equality:   [  0   0   0   0   0   1  -1   0   0   0   0   0   0  -1  ]
Equality:   [  0   0   0   0   0   0   0   1   0   0  -1   0   0   0  ]
Equality:   [  0   0   0   0   0   0   0   0   0   1   0  -1   0   0  ]
Inequality: [  0   0   0   0   0   0   0   0   0   0   0   1  -1  -1  ]
Inequality: [  0   0   0   0   0   0   0   0   0   0   0   0   1  -1  ]
Inequality: [  0   0   0   0   0   0   0   0   0   0   0  -1   0   5  ]
Inequality: [  0   0   1   0   0   0   0   0   0   0  -1   0   0  -1  ]
Inequality: [  0   1   0   0   0   0   0   0   0   0   0   0   0  -5  ]
Inequality: [  1   0   0   0   0   0  -1   0   0   0   0   0   0  -2  ]
Inequality: [  0   0   0   0   0   0   0   0  -1   0   0   0   0   5  ]
Inequality: [  0   0   1   0   0   0   0   0   0   0   0   0   0  -5  ]
Inequality: [  1   0   0   0   0   0   0   0   0   0   0   0   0  -5  ]
Inequality: [  0   0   0   0   1   0   0   0   0   0   0   0   0  -2  ]
Inequality: [  0   0   0   0   0   0   1   0   0   0   0   0   0  -1  ]
Inequality: [  0   1   0   0  -1   0   0   0   0   0   0   0   0  -1  ]
Inequality: [  0   0   0   0   0   0   0   0   1   0   0   0   0  -1  ]
Inequality: [ -1   0   0   0   0   0   0   0   0   0   0   0   0  33  ]
Inequality: [  0  -1   0   0   0   0   0   0   0   0   0   0   0  33  ]
Inequality: [  0   0  -1   0   0   0   0   0   0   0   0   0   0  33  ]
Inequality: [  0   0   0   0   0   0   0   0   0   0   1   0   0  -2  ]
Rays 384 15
Vertex: [ 33   5   5   4   4  32  31   2   5   2   2   2   1  ]/1
Vertex: [ 33  33  33   2   2   2   1   2   5   5   2   5   1  ]/1
Vertex: [ 33   5   5   4   4  32  31   2   5   5   2   5   1  ]/1
Vertex: [ 33  33  33   2   2   2   1   2   5   5   2   5   4  ]/1
Vertex: [ 33  33  33   2   2  32  31   2   5   5   2   5   4  ]/1
Vertex: [ 33  33  33  32  32   2   1   2   5   5   2   5   1  ]/1
Vertex: [ 33  33  33   2   2  32  31   2   5   5   2   5   1  ]/1
Vertex: [  5   5   5   4   4   2   1   2   5   2   2   2   1  ]/1
Vertex: [ 33  33  33  32  32   2   1   2   5   2   2   2   1  ]/1
Vertex: [ 33   5   5   2   2   2   1   2   5   2   2   2   1  ]/1
Vertex: [ 33  33  33   2   2  32  31   2   1   5   2   5   4  ]/1
Vertex: [ 33  33  33   2   2   2   1   2   1   5   2   5   4  ]/1
Vertex: [ 33  33  33   2   2  32  31   2   1   5   2   5   1  ]/1
Vertex: [ 33  33  33  32  32   2   1   2   1   5   2   5   1  ]/1
Vertex: [ 33  33  33  32  32   2   1   2   1   5   2   5   4  ]/1
Vertex: [ 33  33  33  32  32  32  31   2   1   5   2   5   4  ]/1
Vertex: [ 33  33  33  32  32  32  31   2   1   5   2   5   1  ]/1
Vertex: [ 33  33  33   2   2   2   1   2   1   5   2   5   1  ]/1
Vertex: [ 33  33  33  32  32   2   1   2   1   2   2   2   1  ]/1
Vertex: [ 33  33  33   2   2  32  31   2   1   2   2   2   1  ]/1
Vertex: [ 33  33  33  32  32  32  31   2   1   2   2   2   1  ]/1
Vertex: [ 33  33  33   2   2   2   1   2   1   2   2   2   1  ]/1
Vertex: [ 33  33  33   2   2   2   1   2   5   2   2   2   1  ]/1
Vertex: [  5  33  33  32  32   2   1   2   5   5   2   5   4  ]/1
Vertex: [  5  33  33  32  32   4   3   2   5   5   2   5   4  ]/1
Vertex: [  5  33  33   2   2   4   3   2   5   2   2   2   1  ]/1
Vertex: [ 33   5   5   2   2   2   1   2   5   5   2   5   1  ]/1
Vertex: [  5  33  33  32  32   4   3   2   5   2   2   2   1  ]/1
Vertex: [  5  33  33  32  32   4   3   2   5   5   2   5   1  ]/1
Vertex: [ 33   5   5   2   2   2   1   2   5   5   2   5   4  ]/1
Vertex: [ 33   5   5   2   2  32  31   2   5   5   2   5   4  ]/1
Vertex: [  5  33  33   2   2   2   1   2   5   2   2   2   1  ]/1
Vertex: [  5   5   5   2   2   4   3   2   1   5   2   5   4  ]/1
Vertex: [  5  33  33   2   2   2   1   2   5   5   2   5   1  ]/1
Vertex: [  5  33  33   2   2   2   1   2   5   5   2   5   4  ]/1
Vertex: [  5  33  33   2   2   4   3   2   5   5   2   5   4  ]/1
Vertex: [ 33   5   5   4   4   2   1   2   5   5   2   5   1  ]/1
Vertex: [ 33   5   5   2   2  32  31   2   5   5   2   5   1  ]/1
Vertex: [  5  33  33  32  32   2   1   2   5   5   2   5   1  ]/1
Vertex: [  5  33  33   2   2   4   3   2   5   5   2   5   1  ]/1
Vertex: [  5  33  33  32  32   2   1   2   5   2   2   2   1  ]/1
Vertex: [  5   5   5   2   2   2   1   2   1   5   2   5   4  ]/1
Vertex: [ 33   5   5   4   4   2   1   2   5   2   2   2   1  ]/1
Vertex: [  5  33  33   2   2   4   3   2   1   5   2   5   4  ]/1
Vertex: [  5  33  33   2   2   2   1   2   1   5   2   5   4  ]/1
Vertex: [  5  33  33   2   2   4   3   2   1   5   2   5   1  ]/1
Vertex: [  5  33  33  32  32   2   1   2   1   5   2   5   1  ]/1
Vertex: [  5  33  33  32  32   2   1   2   1   5   2   5   4  ]/1
Vertex: [  5  33  33  32  32   4   3   2   1   5   2   5   4  ]/1
Vertex: [  5  33  33  32  32   4   3   2   1   5   2   5   1  ]/1
Vertex: [  5  33  33   2   2   2   1   2   1   5   2   5   1  ]/1
Vertex: [  5  33  33  32  32   2   1   2   1   2   2   2   1  ]/1
Vertex: [  5  33  33   2   2   4   3   2   1   2   2   2   1  ]/1
Vertex: [  5  33  33  32  32   4   3   2   1   2   2   2   1  ]/1
Vertex: [  5  33  33   2   2   2   1   2   1   2   2   2   1  ]/1
Vertex: [  5   5   5   2   2   4   3   2   1   5   2   5   1  ]/1
Vertex: [  5   5   5   4   4   2   1   2   1   5   2   5   1  ]/1
Vertex: [  5   5   5   4   4   2   1   2   1   5   2   5   4  ]/1
Vertex: [ 33   5  33   4   4   2   1   2   5   5   2   5   4  ]/1
Vertex: [ 33   5  33   4   4  32  31   2   5   5   2   5   4  ]/1
Vertex: [ 33   5  33   2   2  32  31   2   5   2   2   2   1  ]/1
Vertex: [  5   5   5   4   4   4   3   2   1   5   2   5   4  ]/1
Vertex: [ 33   5  33   4   4  32  31   2   5   2   2   2   1  ]/1
Vertex: [ 33   5   5   2   2  32  31   2   1   5   2   5   4  ]/1
Vertex: [ 33   5  33   4   4  32  31   2   5   5   2   5   1  ]/1
Vertex: [ 33   5   5   2   2   2   1   2   1   5   2   5   4  ]/1
Vertex: [ 33   5   5   2   2  32  31   2   1   5   2   5   1  ]/1
Vertex: [ 33   5  33   2   2   2   1   2   5   2   2   2   1  ]/1
Vertex: [ 33   5   5   4   4   2   1   2   1   5   2   5   1  ]/1
Vertex: [ 33   5   5   4   4   2   1   2   1   5   2   5   4  ]/1
Vertex: [ 33   5  33   2   2   2   1   2   5   5   2   5   1  ]/1
Vertex: [ 33   5   5   4   4  32  31   2   1   5   2   5   4  ]/1
Vertex: [ 33   5  33   2   2   2   1   2   5   5   2   5   4  ]/1
Vertex: [ 33   5  33   2   2  32  31   2   5   5   2   5   4  ]/1
Vertex: [ 33   5   5   4   4  32  31   2   1   5   2   5   1  ]/1
Vertex: [ 33   5  33   4   4   2   1   2   5   5   2   5   1  ]/1
Vertex: [ 33   5  33   2   2  32  31   2   5   5   2   5   1  ]/1
Vertex: [ 33   5   5   2   2   2   1   2   1   5   2   5   1  ]/1
Vertex: [ 33   5  33   4   4   2   1   2   5   2   2   2   1  ]/1
Vertex: [ 33   5   5   4   4   2   1   2   1   2   2   2   1  ]/1
Vertex: [ 33   5   5   2   2  32  31   2   1   2   2   2   1  ]/1
Vertex: [ 33   5   5   4   4  32  31   2   1   2   2   2   1  ]/1
Vertex: [ 33   5   5   2   2   2   1   2   1   2   2   2   1  ]/1
Vertex: [ 33   5  33   2   2  32  31   2   1   5   2   5   4  ]/1
Vertex: [ 33   5  33   2   2   2   1   2   1   5   2   5   4  ]/1
Vertex: [ 33   5  33   2   2  32  31   2   1   5   2   5   1  ]/1
Vertex: [ 33   5  33   4   4   2   1   2   1   5   2   5   1  ]/1
Vertex: [ 33   5  33   4   4   2   1   2   1   5   2   5   4  ]/1
Vertex: [ 33   5  33   4   4  32  31   2   1   5   2   5   4  ]/1
Vertex: [ 33   5  33   4   4  32  31   2   1   5   2   5   1  ]/1
Vertex: [ 33   5  33   2   2   2   1   2   1   5   2   5   1  ]/1
Vertex: [ 33   5  33   4   4   2   1   2   1   2   2   2   1  ]/1
Vertex: [ 33   5  33   2   2  32  31   2   1   2   2   2   1  ]/1
Vertex: [ 33   5  33   4   4  32  31   2   1   2   2   2   1  ]/1
Vertex: [ 33   5  33   2   2   2   1   2   1   2   2   2   1  ]/1
Vertex: [  5   5  33   4   4   2   1   2   5   5   2   5   4  ]/1
Vertex: [  5   5  33   4   4   4   3   2   5   5   2   5   4  ]/1
Vertex: [  5   5  33   2   2   4   3   2   5   2   2   2   1  ]/1
Vertex: [  5   5  33   4   4   4   3   2   5   2   2   2   1  ]/1
Vertex: [ 33  33  33  32  32  32  31   2   5   5   2   5   1  ]/1
Vertex: [  5   5  33   4   4   4   3   2   5   5   2   5   1  ]/1
Vertex: [  5   5  33   2   2   2   1   2   5   2   2   2   1  ]/1
Vertex: [ 33  33  33  32  32  32  31   2   5   2   2   2   1  ]/1
Vertex: [  5   5  33   2   2   2   1   2   5   5   2   5   1  ]/1
Vertex: [  5   5  33   2   2   2   1   2   5   5   2   5   4  ]/1
Vertex: [  5   5  33   2   2   4   3   2   5   5   2   5   4  ]/1
Vertex: [  5   5  33   4   4   2   1   2   5   5   2   5   1  ]/1
Vertex: [  5   5  33   2   2   4   3   2   5   5   2   5   1  ]/1
Vertex: [  5   5  33   4   4   2   1   2   5   2   2   2   1  ]/1
Vertex: [  5   5   5   4   4   4   3   2   1   5   2   5   1  ]/1
Vertex: [  5   5  33   2   2   4   3   2   1   5   2   5   4  ]/1
Vertex: [  5   5  33   2   2   2   1   2   1   5   2   5   4  ]/1
Vertex: [  5   5  33   2   2   4   3   2   1   5   2   5   1  ]/1
Vertex: [  5   5  33   4   4   2   1   2   1   5   2   5   1  ]/1
Vertex: [  5   5  33   4   4   2   1   2   1   5   2   5   4  ]/1
Vertex: [  5   5  33   4   4   4   3   2   1   5   2   5   4  ]/1
Vertex: [  5   5  33   4   4   4   3   2   1   5   2   5   1  ]/1
Vertex: [  5   5  33   2   2   2   1   2   1   5   2   5   1  ]/1
Vertex: [  5   5  33   4   4   2   1   2   1   2   2   2   1  ]/1
Vertex: [  5   5  33   2   2   4   3   2   1   2   2   2   1  ]/1
Vertex: [  5   5  33   4   4   4   3   2   1   2   2   2   1  ]/1
Vertex: [  5   5  33   2   2   2   1   2   1   2   2   2   1  ]/1
Vertex: [ 33  33   5  32  32   2   1   2   5   5   2   5   4  ]/1
Vertex: [ 33  33   5  32  32  32  31   2   5   5   2   5   4  ]/1
Vertex: [ 33  33   5   2   2  32  31   2   5   2   2   2   1  ]/1
Vertex: [ 33  33   5  32  32  32  31   2   5   2   2   2   1  ]/1
Vertex: [ 33  33  33   2   2  32  31   2   5   2   2   2   1  ]/1
Vertex: [ 33  33   5  32  32  32  31   2   5   5   2   5   1  ]/1
Vertex: [  5   5   5   2   2   2   1   2   1   5   2   5   1  ]/1
Vertex: [ 33  33   5   2   2   2   1   2   5   2   2   2   1  ]/1
Vertex: [  5   5   5   4   4   2   1   2   1   2   2   2   1  ]/1
Vertex: [ 33  33   5   2   2   2   1   2   5   5   2   5   1  ]/1
Vertex: [  5   5   5   4   4   2   1   2   5   5   2   5   4  ]/1
Vertex: [  5   5   5   4   4   4   3   2   5   5   2   5   4  ]/1
Vertex: [ 33  33  33  32  32  32  31   2   5   5   2   5   4  ]/1
Vertex: [ 33  33   5   2   2   2   1   2   5   5   2   5   4  ]/1
Vertex: [ 33  33   5   2   2  32  31   2   5   5   2   5   4  ]/1
Vertex: [  5   5   5   2   2   4   3   2   5   2   2   2   1  ]/1
Vertex: [ 33  33   5  32  32   2   1   2   5   5   2   5   1  ]/1
Vertex: [ 33  33   5   2   2  32  31   2   5   5   2   5   1  ]/1
Vertex: [ 33  33  33  32  32   2   1   2   5   5   2   5   4  ]/1
Vertex: [ 33  33   5  32  32   2   1   2   5   2   2   2   1  ]/1
Vertex: [  5   5   5   4   4   4   3   2   5   2   2   2   1  ]/1
Vertex: [  5   5   5   4   4   4   3   2   5   5   2   5   1  ]/1
Vertex: [ 33  33   5   2   2  32  31   2   1   5   2   5   4  ]/1
Vertex: [ 33  33   5   2   2   2   1   2   1   5   2   5   4  ]/1
Vertex: [ 33  33   5   2   2  32  31   2   1   5   2   5   1  ]/1
Vertex: [ 33  33   5  32  32   2   1   2   1   5   2   5   1  ]/1
Vertex: [ 33  33   5  32  32   2   1   2   1   5   2   5   4  ]/1
Vertex: [ 33  33   5  32  32  32  31   2   1   5   2   5   4  ]/1
Vertex: [ 33  33   5  32  32  32  31   2   1   5   2   5   1  ]/1
Vertex: [ 33  33   5   2   2   2   1   2   1   5   2   5   1  ]/1
Vertex: [ 33  33   5  32  32   2   1   2   1   2   2   2   1  ]/1
Vertex: [ 33  33   5   2   2  32  31   2   1   2   2   2   1  ]/1
Vertex: [ 33  33   5  32  32  32  31   2   1   2   2   2   1  ]/1
Vertex: [ 33  33   5   2   2   2   1   2   1   2   2   2   1  ]/1
Vertex: [  5   5   5   2   2   4   3   2   1   2   2   2   1  ]/1
Vertex: [  5   5   5   4   4   4   3   2   1   2   2   2   1  ]/1
Vertex: [  5  33   5  32  32   2   1   2   5   5   2   5   4  ]/1
Vertex: [  5  33   5  32  32   4   3   2   5   5   2   5   4  ]/1
Vertex: [  5  33   5   2   2   4   3   2   5   2   2   2   1  ]/1
Vertex: [  5  33   5  32  32   4   3   2   5   2   2   2   1  ]/1
Vertex: [  5  33   5  32  32   4   3   2   5   5   2   5   1  ]/1
Vertex: [  5   5   5   2   2   2   1   2   1   2   2   2   1  ]/1
Vertex: [  5  33   5   2   2   2   1   2   5   2   2   2   1  ]/1
Vertex: [  5   5   5   2   2   2   1   2   5   2   2   2   1  ]/1
Vertex: [  5  33   5   2   2   2   1   2   5   5   2   5   1  ]/1
Vertex: [  5  33   5   2   2   2   1   2   5   5   2   5   4  ]/1
Vertex: [  5  33   5   2   2   4   3   2   5   5   2   5   4  ]/1
Vertex: [  5   5   5   2   2   2   1   2   5   5   2   5   1  ]/1
Vertex: [  5  33   5  32  32   2   1   2   5   5   2   5   1  ]/1
Vertex: [  5  33   5   2   2   4   3   2   5   5   2   5   1  ]/1
Vertex: [  5   5   5   2   2   2   1   2   5   5   2   5   4  ]/1
Vertex: [  5  33   5  32  32   2   1   2   5   2   2   2   1  ]/1
Vertex: [  5   5   5   2   2   4   3   2   5   5   2   5   4  ]/1
Vertex: [  5   5   5   4   4   2   1   2   5   5   2   5   1  ]/1
Vertex: [  5  33   5   2   2   4   3   2   1   5   2   5   4  ]/1
Vertex: [  5  33   5   2   2   2   1   2   1   5   2   5   4  ]/1
Vertex: [  5  33   5   2   2   4   3   2   1   5   2   5   1  ]/1
Vertex: [  5  33   5  32  32   2   1   2   1   5   2   5   1  ]/1
Vertex: [  5  33   5  32  32   2   1   2   1   5   2   5   4  ]/1
Vertex: [  5  33   5  32  32   4   3   2   1   5   2   5   4  ]/1
Vertex: [  5  33   5  32  32   4   3   2   1   5   2   5   1  ]/1
Vertex: [  5  33   5   2   2   2   1   2   1   5   2   5   1  ]/1
Vertex: [  5  33   5  32  32   2   1   2   1   2   2   2   1  ]/1
Vertex: [  5  33   5   2   2   4   3   2   1   2   2   2   1  ]/1
Vertex: [  5  33   5  32  32   4   3   2   1   2   2   2   1  ]/1
Vertex: [  5  33   5   2   2   2   1   2   1   2   2   2   1  ]/1
Vertex: [  5   5   5   2   2   4   3   2   5   5   2   5   1  ]/1
Vertex: [ 33   5   5   4   4   2   1   2   5   5   2   5   4  ]/1
Vertex: [ 33   5   5   4   4  32  31   2   5   5   2   5   4  ]/1
Vertex: [ 33   5   5   2   2  32  31   2   5   2   2   2   1  ]/1
Vertex: [ 33   5   5   4   4  32  31   4   5   2   4   2   1  ]/1
Vertex: [ 33  33  33   2   2   2   1  32   5   5  32   5   1  ]/1
Vertex: [ 33   5   5   4   4  32  31   4   5   5   4   5   1  ]/1
Vertex: [ 33  33  33   2   2   2   1  32   5   5  32   5   4  ]/1
Vertex: [ 33  33  33   2   2  32  31  32   5   5  32   5   4  ]/1
Vertex: [ 33  33  33  32  32   2   1  32   5   5  32   5   1  ]/1
Vertex: [ 33  33  33   2   2  32  31  32   5   5  32   5   1  ]/1
Vertex: [  5   5   5   4   4   2   1   4   5   2   4   2   1  ]/1
Vertex: [ 33  33  33  32  32   2   1  32   5   2  32   2   1  ]/1
Vertex: [ 33   5   5   2   2   2   1   4   5   2   4   2   1  ]/1
Vertex: [ 33  33  33   2   2  32  31  32   1   5  32   5   4  ]/1
Vertex: [ 33  33  33   2   2   2   1  32   1   5  32   5   4  ]/1
Vertex: [ 33  33  33   2   2  32  31  32   1   5  32   5   1  ]/1
Vertex: [ 33  33  33  32  32   2   1  32   1   5  32   5   1  ]/1
Vertex: [ 33  33  33  32  32   2   1  32   1   5  32   5   4  ]/1
Vertex: [ 33  33  33  32  32  32  31  32   1   5  32   5   4  ]/1
Vertex: [ 33  33  33  32  32  32  31  32   1   5  32   5   1  ]/1
Vertex: [ 33  33  33   2   2   2   1  32   1   5  32   5   1  ]/1
Vertex: [ 33  33  33  32  32   2   1  32   1   2  32   2   1  ]/1
Vertex: [ 33  33  33   2   2  32  31  32   1   2  32   2   1  ]/1
Vertex: [ 33  33  33  32  32  32  31  32   1   2  32   2   1  ]/1
Vertex: [ 33  33  33   2   2   2   1  32   1   2  32   2   1  ]/1
Vertex: [ 33  33  33   2   2   2   1  32   5   2  32   2   1  ]/1
Vertex: [  5  33  33  32  32   2   1  32   5   5  32   5   4  ]/1
Vertex: [  5  33  33  32  32   4   3  32   5   5  32   5   4  ]/1
Vertex: [  5  33  33   2   2   4   3  32   5   2  32   2   1  ]/1
Vertex: [ 33   5   5   2   2   2   1   4   5   5   4   5   1  ]/1
Vertex: [  5  33  33  32  32   4   3  32   5   2  32   2   1  ]/1
Vertex: [  5  33  33  32  32   4   3  32   5   5  32   5   1  ]/1
Vertex: [ 33   5   5   2   2   2   1   4   5   5   4   5   4  ]/1
Vertex: [ 33   5   5   2   2  32  31   4   5   5   4   5   4  ]/1
Vertex: [  5  33  33   2   2   2   1  32   5   2  32   2   1  ]/1
Vertex: [  5   5   5   2   2   4   3   4   1   5   4   5   4  ]/1
Vertex: [  5  33  33   2   2   2   1  32   5   5  32   5   1  ]/1
Vertex: [  5  33  33   2   2   2   1  32   5   5  32   5   4  ]/1
Vertex: [  5  33  33   2   2   4   3  32   5   5  32   5   4  ]/1
Vertex: [ 33   5   5   4   4   2   1   4   5   5   4   5   1  ]/1
Vertex: [ 33   5   5   2   2  32  31   4   5   5   4   5   1  ]/1
Vertex: [  5  33  33  32  32   2   1  32   5   5  32   5   1  ]/1
Vertex: [  5  33  33   2   2   4   3  32   5   5  32   5   1  ]/1
Vertex: [  5  33  33  32  32   2   1  32   5   2  32   2   1  ]/1
Vertex: [  5   5   5   2   2   2   1   4   1   5   4   5   4  ]/1
Vertex: [ 33   5   5   4   4   2   1   4   5   2   4   2   1  ]/1
Vertex: [  5  33  33   2   2   4   3  32   1   5  32   5   4  ]/1
Vertex: [  5  33  33   2   2   2   1  32   1   5  32   5   4  ]/1
Vertex: [  5  33  33   2   2   4   3  32   1   5  32   5   1  ]/1
Vertex: [  5  33  33  32  32   2   1  32   1   5  32   5   1  ]/1
Vertex: [  5  33  33  32  32   2   1  32   1   5  32   5   4  ]/1
Vertex: [  5  33  33  32  32   4   3  32   1   5  32   5   4  ]/1
Vertex: [  5  33  33  32  32   4   3  32   1   5  32   5   1  ]/1
Vertex: [  5  33  33   2   2   2   1  32   1   5  32   5   1  ]/1
Vertex: [  5  33  33  32  32   2   1  32   1   2  32   2   1  ]/1
Vertex: [  5  33  33   2   2   4   3  32   1   2  32   2   1  ]/1
Vertex: [  5  33  33  32  32   4   3  32   1   2  32   2   1  ]/1
Vertex: [  5  33  33   2   2   2   1  32   1   2  32   2   1  ]/1
Vertex: [  5   5   5   2   2   4   3   4   1   5   4   5   1  ]/1
Vertex: [  5   5   5   4   4   2   1   4   1   5   4   5   1  ]/1
Vertex: [  5   5   5   4   4   2   1   4   1   5   4   5   4  ]/1
Vertex: [ 33   5  33   4   4   2   1  32   5   5  32   5   4  ]/1
Vertex: [ 33   5  33   4   4  32  31  32   5   5  32   5   4  ]/1
Vertex: [ 33   5  33   2   2  32  31  32   5   2  32   2   1  ]/1
Vertex: [  5   5   5   4   4   4   3   4   1   5   4   5   4  ]/1
Vertex: [ 33   5  33   4   4  32  31  32   5   2  32   2   1  ]/1
Vertex: [ 33   5   5   2   2  32  31   4   1   5   4   5   4  ]/1
Vertex: [ 33   5  33   4   4  32  31  32   5   5  32   5   1  ]/1
Vertex: [ 33   5   5   2   2   2   1   4   1   5   4   5   4  ]/1
Vertex: [ 33   5   5   2   2  32  31   4   1   5   4   5   1  ]/1
Vertex: [ 33   5  33   2   2   2   1  32   5   2  32   2   1  ]/1
Vertex: [ 33   5   5   4   4   2   1   4   1   5   4   5   1  ]/1
Vertex: [ 33   5   5   4   4   2   1   4   1   5   4   5   4  ]/1
Vertex: [ 33   5  33   2   2   2   1  32   5   5  32   5   1  ]/1
Vertex: [ 33   5   5   4   4  32  31   4   1   5   4   5   4  ]/1
Vertex: [ 33   5  33   2   2   2   1  32   5   5  32   5   4  ]/1
Vertex: [ 33   5  33   2   2  32  31  32   5   5  32   5   4  ]/1
Vertex: [ 33   5   5   4   4  32  31   4   1   5   4   5   1  ]/1
Vertex: [ 33   5  33   4   4   2   1  32   5   5  32   5   1  ]/1
Vertex: [ 33   5  33   2   2  32  31  32   5   5  32   5   1  ]/1
Vertex: [ 33   5   5   2   2   2   1   4   1   5   4   5   1  ]/1
Vertex: [ 33   5  33   4   4   2   1  32   5   2  32   2   1  ]/1
Vertex: [ 33   5   5   4   4   2   1   4   1   2   4   2   1  ]/1
Vertex: [ 33   5   5   2   2  32  31   4   1   2   4   2   1  ]/1
Vertex: [ 33   5   5   4   4  32  31   4   1   2   4   2   1  ]/1
Vertex: [ 33   5   5   2   2   2   1   4   1   2   4   2   1  ]/1
Vertex: [ 33   5  33   2   2  32  31  32   1   5  32   5   4  ]/1
Vertex: [ 33   5  33   2   2   2   1  32   1   5  32   5   4  ]/1
Vertex: [ 33   5  33   2   2  32  31  32   1   5  32   5   1  ]/1
Vertex: [ 33   5  33   4   4   2   1  32   1   5  32   5   1  ]/1
Vertex: [ 33   5  33   4   4   2   1  32   1   5  32   5   4  ]/1
Vertex: [ 33   5  33   4   4  32  31  32   1   5  32   5   4  ]/1
Vertex: [ 33   5  33   4   4  32  31  32   1   5  32   5   1  ]/1
Vertex: [ 33   5  33   2   2   2   1  32   1   5  32   5   1  ]/1
Vertex: [ 33   5  33   4   4   2   1  32   1   2  32   2   1  ]/1
Vertex: [ 33   5  33   2   2  32  31  32   1   2  32   2   1  ]/1
Vertex: [ 33   5  33   4   4  32  31  32   1   2  32   2   1  ]/1
Vertex: [ 33   5  33   2   2   2   1  32   1   2  32   2   1  ]/1
Vertex: [  5   5  33   4   4   2   1  32   5   5  32   5   4  ]/1
Vertex: [  5   5  33   4   4   4   3  32   5   5  32   5   4  ]/1
Vertex: [  5   5  33   2   2   4   3  32   5   2  32   2   1  ]/1
Vertex: [  5   5  33   4   4   4   3  32   5   2  32   2   1  ]/1
Vertex: [ 33  33  33  32  32  32  31  32   5   5  32   5   1  ]/1
Vertex: [  5   5  33   4   4   4   3  32   5   5  32   5   1  ]/1
Vertex: [  5   5  33   2   2   2   1  32   5   2  32   2   1  ]/1
Vertex: [ 33  33  33  32  32  32  31  32   5   2  32   2   1  ]/1
Vertex: [ 33   5   5   2   2  32  31   4   5   2   4   2   1  ]/1
Vertex: [  5   5  33   2   2   2   1  32   5   5  32   5   1  ]/1
Vertex: [  5   5  33   2   2   2   1  32   5   5  32   5   4  ]/1
Vertex: [  5   5  33   2   2   4   3  32   5   5  32   5   4  ]/1
Vertex: [ 33   5   5   4   4  32  31   4   5   5   4   5   4  ]/1
Vertex: [ 33   5   5   4   4   2   1   4   5   5   4   5   4  ]/1
Vertex: [  5   5  33   4   4   2   1  32   5   5  32   5   1  ]/1
Vertex: [  5   5  33   2   2   4   3  32   5   5  32   5   1  ]/1
Vertex: [  5   5  33   4   4   2   1  32   5   2  32   2   1  ]/1
Vertex: [  5   5   5   4   4   4   3   4   1   5   4   5   1  ]/1
Vertex: [  5   5  33   2   2   4   3  32   1   5  32   5   4  ]/1
Vertex: [  5   5  33   2   2   2   1  32   1   5  32   5   4  ]/1
Vertex: [  5   5  33   2   2   4   3  32   1   5  32   5   1  ]/1
Vertex: [  5   5  33   4   4   2   1  32   1   5  32   5   1  ]/1
Vertex: [  5   5  33   4   4   2   1  32   1   5  32   5   4  ]/1
Vertex: [  5   5  33   4   4   4   3  32   1   5  32   5   4  ]/1
Vertex: [  5   5  33   4   4   4   3  32   1   5  32   5   1  ]/1
Vertex: [  5   5  33   2   2   2   1  32   1   5  32   5   1  ]/1
Vertex: [  5   5  33   4   4   2   1  32   1   2  32   2   1  ]/1
Vertex: [  5   5  33   2   2   4   3  32   1   2  32   2   1  ]/1
Vertex: [  5   5  33   4   4   4   3  32   1   2  32   2   1  ]/1
Vertex: [  5   5  33   2   2   2   1  32   1   2  32   2   1  ]/1
Vertex: [ 33  33   5  32  32   2   1   4   5   5   4   5   4  ]/1
Vertex: [ 33  33   5  32  32  32  31   4   5   5   4   5   4  ]/1
Vertex: [ 33  33   5   2   2  32  31   4   5   2   4   2   1  ]/1
Vertex: [ 33  33   5  32  32  32  31   4   5   2   4   2   1  ]/1
Vertex: [ 33  33  33   2   2  32  31  32   5   2  32   2   1  ]/1
Vertex: [ 33  33   5  32  32  32  31   4   5   5   4   5   1  ]/1
Vertex: [  5   5   5   2   2   4   3   4   5   5   4   5   1  ]/1
Vertex: [  5   5   5   2   2   2   1   4   1   5   4   5   1  ]/1
Vertex: [ 33  33   5   2   2   2   1   4   5   2   4   2   1  ]/1
Vertex: [  5   5   5   4   4   2   1   4   1   2   4   2   1  ]/1
Vertex: [ 33  33   5   2   2   2   1   4   5   5   4   5   1  ]/1
Vertex: [  5   5   5   4   4   2   1   4   5   5   4   5   4  ]/1
Vertex: [  5   5   5   4   4   4   3   4   5   5   4   5   4  ]/1
Vertex: [ 33  33  33  32  32  32  31  32   5   5  32   5   4  ]/1
Vertex: [ 33  33   5   2   2   2   1   4   5   5   4   5   4  ]/1
Vertex: [ 33  33   5   2   2  32  31   4   5   5   4   5   4  ]/1
Vertex: [  5   5   5   2   2   4   3   4   5   2   4   2   1  ]/1
Vertex: [ 33  33   5  32  32   2   1   4   5   5   4   5   1  ]/1
Vertex: [ 33  33   5   2   2  32  31   4   5   5   4   5   1  ]/1
Vertex: [ 33  33  33  32  32   2   1  32   5   5  32   5   4  ]/1
Vertex: [ 33  33   5  32  32   2   1   4   5   2   4   2   1  ]/1
Vertex: [  5   5   5   4   4   4   3   4   5   2   4   2   1  ]/1
Vertex: [  5   5   5   4   4   4   3   4   5   5   4   5   1  ]/1
Vertex: [ 33  33   5   2   2  32  31   4   1   5   4   5   4  ]/1
Vertex: [ 33  33   5   2   2   2   1   4   1   5   4   5   4  ]/1
Vertex: [ 33  33   5   2   2  32  31   4   1   5   4   5   1  ]/1
Vertex: [ 33  33   5  32  32   2   1   4   1   5   4   5   1  ]/1
Vertex: [ 33  33   5  32  32   2   1   4   1   5   4   5   4  ]/1
Vertex: [ 33  33   5  32  32  32  31   4   1   5   4   5   4  ]/1
Vertex: [ 33  33   5  32  32  32  31   4   1   5   4   5   1  ]/1
Vertex: [ 33  33   5   2   2   2   1   4   1   5   4   5   1  ]/1
Vertex: [ 33  33   5  32  32   2   1   4   1   2   4   2   1  ]/1
Vertex: [ 33  33   5   2   2  32  31   4   1   2   4   2   1  ]/1
Vertex: [ 33  33   5  32  32  32  31   4   1   2   4   2   1  ]/1
Vertex: [ 33  33   5   2   2   2   1   4   1   2   4   2   1  ]/1
Vertex: [  5   5   5   2   2   4   3   4   1   2   4   2   1  ]/1
Vertex: [  5   5   5   4   4   4   3   4   1   2   4   2   1  ]/1
Vertex: [  5  33   5  32  32   2   1   4   5   5   4   5   4  ]/1
Vertex: [  5  33   5   2   2   2   1   4   1   2   4   2   1  ]/1
Vertex: [  5  33   5  32  32   4   3   4   5   5   4   5   4  ]/1
Vertex: [  5  33   5  32  32   4   3   4   1   2   4   2   1  ]/1
Vertex: [  5  33   5   2   2   4   3   4   5   2   4   2   1  ]/1
Vertex: [  5  33   5   2   2   4   3   4   1   2   4   2   1  ]/1
Vertex: [  5  33   5  32  32   4   3   4   5   2   4   2   1  ]/1
Vertex: [  5  33   5  32  32   2   1   4   1   2   4   2   1  ]/1
Vertex: [  5  33   5  32  32   4   3   4   5   5   4   5   1  ]/1
Vertex: [  5  33   5   2   2   2   1   4   1   5   4   5   1  ]/1
Vertex: [  5   5   5   2   2   2   1   4   1   2   4   2   1  ]/1
Vertex: [  5  33   5   2   2   2   1   4   5   2   4   2   1  ]/1
Vertex: [  5   5   5   2   2   2   1   4   5   2   4   2   1  ]/1
Vertex: [  5  33   5  32  32   4   3   4   1   5   4   5   1  ]/1
Vertex: [  5  33   5   2   2   2   1   4   5   5   4   5   1  ]/1
Vertex: [  5  33   5  32  32   4   3   4   1   5   4   5   4  ]/1
Vertex: [  5  33   5   2   2   2   1   4   5   5   4   5   4  ]/1
Vertex: [  5  33   5  32  32   2   1   4   1   5   4   5   4  ]/1
Vertex: [  5  33   5   2   2   4   3   4   5   5   4   5   4  ]/1
Vertex: [  5  33   5  32  32   2   1   4   1   5   4   5   1  ]/1
Vertex: [  5   5   5   2   2   2   1   4   5   5   4   5   1  ]/1
Vertex: [  5  33   5  32  32   2   1   4   5   5   4   5   1  ]/1
Vertex: [  5  33   5   2   2   4   3   4   5   5   4   5   1  ]/1
Vertex: [  5  33   5   2   2   4   3   4   1   5   4   5   1  ]/1
Vertex: [  5   5   5   2   2   2   1   4   5   5   4   5   4  ]/1
Vertex: [  5  33   5   2   2   2   1   4   1   5   4   5   4  ]/1
Vertex: [  5  33   5  32  32   2   1   4   5   2   4   2   1  ]/1
Vertex: [  5   5   5   2   2   4   3   4   5   5   4   5   4  ]/1
Vertex: [  5   5   5   4   4   2   1   4   5   5   4   5   1  ]/1
Vertex: [  5  33   5   2   2   4   3   4   1   5   4   5   4  ]/1
