============ Ranking function ============
         Q  -1 = 0
         P  -2 >= 0
         - P + 6 >= 0

UNION
         P  -6 = 0
         Q  -1 >= 0
         - Q + 4 >= 0

( 4 * P + -4 )

-----------------------------------
         P  -2 >= 0
         - P + 5 >= 0
         Q  -2 >= 0
         - Q + 4 >= 0

( 1 * Q + ( 4 * P + -5 )
 )

-----------------------------------
