---------------------------------------
Overall rays :
Ray:    [   1  ]
---------------------------------------
Domain :
         2a  -11 >= 0
          1 >= 0

Vertices :
[ a ]
