---------------------------------------
Overall rays :
Line:   [   1   -1  ]
Ray:    [   0    1  ]
---------------------------------------
Domain :
          1 >= 0

Vertices :
[ a,  0 ]
