---------------------------------------
Overall rays :
Line:   [   0    1  ]
---------------------------------------
Domain :
         - a  >= 0
         a + 1 >= 0

Vertices :
[ 0,  0 ]
[ a+1,  0 ]
---------------------------------------
Domain :
         a  >= 0
          1 >= 0

Vertices :
[ a+1,  0 ]
[ a,  0 ]
