---------------------------------------
Overall rays :
Line:   [   1    0  ]
---------------------------------------
Domain :
          1 >= 0

Vertices :
[ 0,  a ]
