9 5
   1   0   0   0   0
   0   4   0   0   0
   0   0   3   0   0
   0   9   8  10   7
   0   0   0   0   1
   0   4   0   0   0
   0   0   3   0   1
   0 -19 -13 -18  14
   0   0   0   0   1
5 5
   0   0   0   1   0
   1   0   1   0  -1
   4   5   0   0  -1
  -4  -4  -1   0   2
   0   0   0   0   1
