
ZPOLYHEDRON: Dimension 2 

LATTICE: 
3 3
   2    0    0 
   0    2    0 
   0    0    1 
POLYHEDRON Dimension:2
           Constraints:4  Equations:0  Rays:4  Lines:0
Constraints 4 4
Inequality: [   1    0   -1  ]
Inequality: [   0    1   -1  ]
Inequality: [  -1    0   10  ]
Inequality: [   0   -1   10  ]
Rays 4 4
Vertex: [  10    1  ]/1
Vertex: [   1    1  ]/1
Vertex: [   1   10  ]/1
Vertex: [  10   10  ]/1
