
ZPOLYHEDRON: Dimension 1 

LATTICE: 
2 2
    2    1
    0    1
POLYHEDRON Dimension:1
           Constraints:2  Equations:0  Rays:2  Lines:0
Constraints 2 3
Inequality: [    3    1 ]
Inequality: [  -14   93 ]
Rays 2 3
Vertex: [   -1 ]/3
Vertex: [   93 ]/14
