
ZPOLYHEDRON: Dimension 2 

LATTICE: 
3 3
    2    0    1
    0    1    0
    0    0    1
POLYHEDRON Dimension:2
           Constraints:4  Equations:0  Rays:4  Lines:0
Constraints 4 4
Inequality: [    3    0    1 ]
Inequality: [   -2    5   -3 ]
Inequality: [   -3    0   98 ]
Inequality: [    2   -5  102 ]
Rays 4 4
Vertex: [   98   41 ]/3
Vertex: [   -5    7 ]/15
Vertex: [   -5  304 ]/15
Vertex: [  490  502 ]/15
