         N  >= 0
         - N + 3 >= 0

( 3/2 * N^2 + 7/2 * N + 2 )

-----------------------------------
         N  -8 = 0
          1 >= 0

( 3/2 * N^2 + 7/2 * N + -18 )

-----------------------------------
         - N + 10 >= 0
         N  -9 >= 0

( 2 * N^2 + -4 * N + 10 )

-----------------------------------
         N  -11 >= 0
          1 >= 0

( 2 * N^2 + -4 * N + 10 )

-----------------------------------
         N  -7 = 0
          1 >= 0

( 2 * N^2 + -8 * N + 38 )

-----------------------------------
         - N + 6 >= 0
         N  -5 >= 0

( 1/2 * N^2 + 17/2 * N + -4 )

-----------------------------------
         N  -4 = 0
          1 >= 0

( 0 * N^2 + 12 * N + -10 )

-----------------------------------
         N  -6 = 0
          1 >= 0

( 1 * N^2 + 2 * N + 17 )

-----------------------------------
