---------------------------------------
Domain:
         - R + 19 >= 0
         P  -1 >= 0
         Q  -17 >= 0
         - P + 19 >= 0
         - Q + 19 >= 0
         R  >= 0


Ehrhart Polynomial:
1
