---------------------------------------
Domain:
         N  >= 0
          1 >= 0

Vertices:
[ -N,  0,  0 ]
[ 0,  -N,  0 ]
[ 0,  0,  -N ]
[ 0,  0,  N ]
[ 0,  N,  0 ]
[ N,  0,  0 ]

Ehrhart Polynomial:
( 4/3 * N^3 + 2 * N^2 + 8/3 * N + 1 )

