---------------------------------------
Domain:
         - P + 1 >= 0
         P - T + 1 >= 0
         T  >= 0
         Q  -1 >= 0
         - R + S  >= 0
         - Q + R  -1 >= 0

Vertices:
[ Q,  R,  T/3+1/3 ,  P/3-1/3 ,  T/3-1/3  ]
[ Q,  R,  T/3+1/3 ,  P/3-1/3 ,  1/3  ]
[ Q,  R,  T/3+2/3 ,  P/3-1/3 ,  T/3-1/3  ]
[ Q,  R,  T/3+2/3 ,  P/3-1/3 ,  1/3  ]

Ehrhart Polynomial:
[ 0, ( [ 0, -1/3, -1/3 ]_T * T + [ 0, 4/3, 2/3 ]_T )
, 0 ]_P
