---------------------------------------
Domain:
         P - S + 1 >= 0
         - P + S + 1 >= 0
         - S  >= 0
         Q  -1 >= 0
         - Q + R  >= 0

Vertices:
[ Q,  Q,  S/3+1/3 ,  P/3-1/3 ,  S/3-1/3  ]
[ Q,  Q,  S/3+1/3 ,  P/3-1/3 ,  S/3+1/3  ]
[ Q,  Q,  S/3+2/3 ,  P/3-1/3 ,  S/3-1/3  ]
[ Q,  Q,  S/3+2/3 ,  P/3-1/3 ,  S/3+1/3  ]

Ehrhart Polynomial:
[ 0, [ 0, 1, 1 ]_S, 0 ]_P
