---------------------------------------
Domain:
         R - S  >= 0
         P - S  >= 0
         Q - S  >= 0
         S  >= 0
          1 >= 0

Vertices:
[ S,  S,  S,  S ]
[ 0,  S,  S,  S ]
[ 0,  0,  S,  S ]
[ 0,  0,  0,  S ]
[ 0,  0,  0,  0 ]

Ehrhart Polynomial:
( 1/24 * S^4 + 5/12 * S^3 + 35/24 * S^2 + 25/12 * S + 1 )

---------------------------------------
Domain:
         - R + S  >= 0
         P - R  >= 0
         Q - R  >= 0
         R  >= 0
          1 >= 0

Vertices:
[ R,  R,  R,  S ]
[ R,  R,  R,  R ]
[ 0,  R,  R,  S ]
[ 0,  R,  R,  R ]
[ 0,  0,  R,  S ]
[ 0,  0,  R,  R ]
[ 0,  0,  0,  S ]
[ 0,  0,  0,  0 ]

Ehrhart Polynomial:
( -1/8 * R^4 + ( 1/6 * S + -7/12 )
 * R^3 + ( 1 * S + -3/8 )
 * R^2 + ( 11/6 * S + 13/12 )
 * R + ( 1 * S + 1 )
 )

---------------------------------------
Domain:
         R - S  >= 0
         P - Q  >= 0
         - Q + S  >= 0
         Q  >= 0
          1 >= 0

Vertices:
[ Q,  Q,  S,  S ]
[ Q,  Q,  Q,  S ]
[ Q,  Q,  Q,  Q ]
[ 0,  Q,  S,  S ]
[ 0,  Q,  Q,  S ]
[ 0,  Q,  Q,  Q ]
[ 0,  0,  S,  S ]
[ 0,  0,  0,  S ]
[ 0,  0,  0,  0 ]

Ehrhart Polynomial:
( 1/8 * Q^4 + ( -1/3 * S + -1/12 )
 * Q^3 + ( 1/4 * S^2 + -1/4 * S + -5/8 )
 * Q^2 + ( 3/4 * S^2 + 19/12 * S + 7/12 )
 * Q + ( 1/2 * S^2 + 3/2 * S + 1 )
 )

---------------------------------------
Domain:
         - R + S  >= 0
         P - Q  >= 0
         - Q + R  >= 0
         Q  >= 0
          1 >= 0

Vertices:
[ Q,  Q,  R,  S ]
[ Q,  Q,  R,  R ]
[ Q,  Q,  Q,  S ]
[ Q,  Q,  Q,  Q ]
[ 0,  Q,  R,  S ]
[ 0,  Q,  R,  R ]
[ 0,  Q,  Q,  S ]
[ 0,  Q,  Q,  Q ]
[ 0,  0,  R,  S ]
[ 0,  0,  R,  R ]
[ 0,  0,  0,  S ]
[ 0,  0,  0,  0 ]

Ehrhart Polynomial:
( 1/8 * Q^4 + ( -1/3 * S + -1/12 )
 * Q^3 + ( -1/4 * R^2 + ( 1/2 * S + 1/4 )
 * R + ( -1/2 * S + -5/8 )
 )
 * Q^2 + ( -3/4 * R^2 + ( 3/2 * S + 3/4 )
 * R + ( 5/6 * S + 7/12 )
 )
 * Q + ( -1/2 * R^2 + ( 1 * S + 1/2 )
 * R + ( 1 * S + 1 )
 )
 )

---------------------------------------
Domain:
         R - S  >= 0
         - P + S  >= 0
         Q - S  >= 0
         P  >= 0
          1 >= 0

Vertices:
[ P,  S,  S,  S ]
[ P,  P,  S,  S ]
[ P,  P,  P,  S ]
[ P,  P,  P,  P ]
[ 0,  S,  S,  S ]
[ 0,  0,  S,  S ]
[ 0,  0,  0,  S ]
[ 0,  0,  0,  0 ]

Ehrhart Polynomial:
( -1/24 * P^4 + ( 1/6 * S + 1/4 )
 * P^3 + ( -1/4 * S^2 + -3/4 * S + -11/24 )
 * P^2 + ( 1/6 * S^3 + 3/4 * S^2 + 11/12 * S + 1/4 )
 * P + ( 1/6 * S^3 + 1 * S^2 + 11/6 * S + 1 )
 )

---------------------------------------
Domain:
         - R + S  >= 0
         - P + R  >= 0
         Q - R  >= 0
         P  >= 0
          1 >= 0

Vertices:
[ P,  R,  R,  S ]
[ P,  R,  R,  R ]
[ P,  P,  R,  S ]
[ P,  P,  R,  R ]
[ P,  P,  P,  S ]
[ P,  P,  P,  P ]
[ 0,  R,  R,  S ]
[ 0,  R,  R,  R ]
[ 0,  0,  R,  S ]
[ 0,  0,  R,  R ]
[ 0,  0,  0,  S ]
[ 0,  0,  0,  0 ]

Ehrhart Polynomial:
( -1/24 * P^4 + ( 1/6 * S + 1/4 )
 * P^3 + ( 1/4 * R^2 + ( -1/2 * S + -1/4 )
 * R + ( -1/2 * S + -11/24 )
 )
 * P^2 + ( -1/3 * R^3 + ( 1/2 * S + -1/4 )
 * R^2 + ( 1 * S + 7/12 )
 * R + ( 1/3 * S + 1/4 )
 )
 * P + ( -1/3 * R^3 + ( 1/2 * S + -1/2 )
 * R^2 + ( 3/2 * S + 5/6 )
 * R + ( 1 * S + 1 )
 )
 )

---------------------------------------
Domain:
         R - S  >= 0
         - P + Q  >= 0
         - Q + S  >= 0
         P  >= 0
          1 >= 0

Vertices:
[ P,  Q,  S,  S ]
[ P,  Q,  Q,  S ]
[ P,  Q,  Q,  Q ]
[ P,  P,  S,  S ]
[ P,  P,  P,  S ]
[ P,  P,  P,  P ]
[ 0,  Q,  S,  S ]
[ 0,  Q,  Q,  S ]
[ 0,  Q,  Q,  Q ]
[ 0,  0,  S,  S ]
[ 0,  0,  0,  S ]
[ 0,  0,  0,  0 ]

Ehrhart Polynomial:
( -1/24 * P^4 + ( 1/6 * S + 1/4 )
 * P^3 + ( -1/4 * S^2 + -3/4 * S + -11/24 )
 * P^2 + ( 1/6 * Q^3 + ( -1/2 * S + -1/2 )
 * Q^2 + ( 1/2 * S^2 + 1 * S + 1/3 )
 * Q + ( 1/4 * S^2 + 7/12 * S + 1/4 )
 )
 * P + ( 1/6 * Q^3 + ( -1/2 * S + -1/2 )
 * Q^2 + ( 1/2 * S^2 + 1 * S + 1/3 )
 * Q + ( 1/2 * S^2 + 3/2 * S + 1 )
 )
 )

---------------------------------------
Domain:
         - R + S  >= 0
         - P + Q  >= 0
         - Q + R  >= 0
         P  >= 0
          1 >= 0

Vertices:
[ P,  Q,  R,  S ]
[ P,  Q,  R,  R ]
[ P,  Q,  Q,  S ]
[ P,  Q,  Q,  Q ]
[ P,  P,  R,  S ]
[ P,  P,  R,  R ]
[ P,  P,  P,  S ]
[ P,  P,  P,  P ]
[ 0,  Q,  R,  S ]
[ 0,  Q,  R,  R ]
[ 0,  Q,  Q,  S ]
[ 0,  Q,  Q,  Q ]
[ 0,  0,  R,  S ]
[ 0,  0,  R,  R ]
[ 0,  0,  0,  S ]
[ 0,  0,  0,  0 ]

Ehrhart Polynomial:
( -1/24 * P^4 + ( 1/6 * S + 1/4 )
 * P^3 + ( 1/4 * R^2 + ( -1/2 * S + -1/4 )
 * R + ( -1/2 * S + -11/24 )
 )
 * P^2 + ( 1/6 * Q^3 + ( -1/2 * S + -1/2 )
 * Q^2 + ( -1/2 * R^2 + ( 1 * S + 1/2 )
 * R + ( 1/2 * S + 1/3 )
 )
 * Q + ( -1/4 * R^2 + ( 1/2 * S + 1/4 )
 * R + ( 1/3 * S + 1/4 )
 )
 )
 * P + ( 1/6 * Q^3 + ( -1/2 * S + -1/2 )
 * Q^2 + ( -1/2 * R^2 + ( 1 * S + 1/2 )
 * R + ( 1/2 * S + 1/3 )
 )
 * Q + ( -1/2 * R^2 + ( 1 * S + 1/2 )
 * R + ( 1 * S + 1 )
 )
 )
 )

