---------------------------------------
Domain:
         P  >= 0
          1 >= 0

Vertices:
[ P/2,  P/2 ]
[ P/2,  0 ]
[ 0,  P/2 ]
[ 0,  0 ]

Ehrhart Polynomial:
( 1/4 * P^2 + [ 1, 1/2 ]_P * P + [ 1, 1/4 ]_P )

