---------------------------------------
Domain:
         P  >= 0
         Q  >= 0
          1 >= 0

Vertices:
[ P/2,  Q/2 ]
[ P/2,  0 ]
[ 0,  Q/2 ]
[ 0,  0 ]

Ehrhart Polynomial:
( ( 1/4 * Q + [ 1/2, 1/4 ]_Q )
 * P + [ ( 1/2 * Q + [ 1, 1/2 ]_Q )
, ( 1/4 * Q + [ 1/2, 1/4 ]_Q )
 ]_P )

