---------------------------------------
Domain:
         n - m  >= 0
         m  -1 >= 0
          1 >= 0

Vertices:
[ m,  m,  m ]
[ 1,  1,  m ]
[ 1,  1,  1 ]
[ n,  m,  m ]
[ n,  1,  m ]
[ n,  1,  1 ]

Ehrhart Polynomial:
( ( 1/2 * m^2 + 1/2 * m + 0 )
 * n + ( -1/6 * m^3 + 0 * m^2 + 1/6 * m + 0 )
 )

---------------------------------------
Domain:
         - n + m  >= 0
         n  -1 >= 0
          1 >= 0

Vertices:
[ 1,  1,  m ]
[ 1,  1,  1 ]
[ n,  n,  m ]
[ n,  n,  n ]
[ n,  1,  m ]
[ n,  1,  1 ]

Ehrhart Polynomial:
( -1/6 * n^3 + ( 1/2 * m + 0 )
 * n^2 + ( 1/2 * m + 1/6 )
 * n + 0 )

