---------------------------------------
Domain:
         n - p  >= 0
         n  -9 >= 0
         m  -1 >= 0
         p  -1 >= 0
          1 >= 0

Vertices:
[ n-p,  n+m/2-p,  0 ]
[ n-p,  0,  0 ]
[ n,  n+m/2,  p ]
[ n,  n+m/2,  0 ]
[ n,  0,  p ]
[ n,  0,  0 ]

Ehrhart Polynomial:
( ( 1/2 * p^2 + 3/2 * p + 1 )
 * n + ( ( 1/4 * p^2 + 3/4 * p + 1/2 )
 * m + [ ( -1/6 * p^3 + 0 * p^2 + 7/6 * p + 1 )
, ( -1/6 * p^3 + -1/4 * p^2 + 5/12 * p + 1/2 )
 ]_m )
 )

---------------------------------------
Domain:
         - n + p  >= 0
         n  -9 >= 0
         m  -1 >= 0
          1 >= 0

Vertices:
[ n,  n+m/2,  p ]
[ n,  n+m/2,  0 ]
[ n,  0,  p ]
[ n,  0,  0 ]
[ 0,  m/2,  -n+p ]
[ 0,  m/2,  0 ]
[ 0,  0,  -n+p ]
[ 0,  0,  0 ]

Ehrhart Polynomial:
( -1/6 * n^3 + ( -1/4 * m + [ ( 1/2 * p + 0 )
, ( 1/2 * p + 1/4 )
 ]_m )
 * n^2 + ( ( 1/2 * p + 1/4 )
 * m + [ ( 3/2 * p + 7/6 )
, ( 1 * p + 11/12 )
 ]_m )
 * n + ( ( 1/2 * p + 1/2 )
 * m + [ ( 1 * p + 1 )
, ( 1/2 * p + 1/2 )
 ]_m )
 )

