---------------------------------------
Domain:
         -2N + M + 1 >= 0
         3N - M  -2 >= 0
          1 >= 0

Vertices:
[ -2N+M+2,  N,  N ]
[ N,  -2N+M+2,  N ]
[ N,  N,  -2N+M+2 ]

Ehrhart Polynomial:
( 9/2 * N^2 + ( -3 * M + -3/2 )
 * N + ( 1/2 * M^2 + 1/2 * M + 0 )
 )

---------------------------------------
Domain:
         2N - M  -1 >= 0
         - N + M  >= 0
          1 >= 0

Vertices:
[ -N+M+1,  N,  1 ]
[ -N+M+1,  1,  N ]
[ N,  -N+M+1,  1 ]
[ N,  1,  -N+M+1 ]
[ 1,  -N+M+1,  N ]
[ 1,  N,  -N+M+1 ]

Ehrhart Polynomial:
( -3/2 * N^2 + ( 3 * M + 3/2 )
 * N + ( -1 * M^2 + -1 * M + 0 )
 )

---------------------------------------
Domain:
         N - M  >= 0
         M  -1 >= 0
          1 >= 0

Vertices:
[ M,  1,  1 ]
[ 1,  M,  1 ]
[ 1,  1,  M ]

Ehrhart Polynomial:
( 1/2 * M^2 + 1/2 * M + 0 )

