---------------------------------------
Domain:
         n  -100 >= 0
         p  -100 >= 0
         m  >= 0
         - n + 150 >= 0

Vertices:
[ n-100,  n+m/2-100,  0 ]
[ n-100,  0,  0 ]
[ n/3,  n/3+m/2,  -n/6+25 ]
[ n/3,  n/3+m/2,  0 ]
[ n/3,  0,  -n/6+25 ]
[ n/3,  0,  0 ]

Ehrhart Polynomial:
( 5/162 * n^3 + [ ( 1/36 * m + [ -409/36, -205/18 ]_m )
, ( 1/36 * m + [ -1225/108, -307/27 ]_m )
, ( 1/36 * m + [ -1223/108, -613/54 ]_m )
 ]_n * n^2 + [ ( -103/12 * m + [ 11702/9, 47117/36 ]_m )
, ( -77/9 * m + [ 70055/54, 70517/54 ]_m )
, ( -307/36 * m + [ 69911/54, 140743/108 ]_m )
, ( -103/12 * m + [ 11702/9, 47117/36 ]_m )
, ( -77/9 * m + [ 35032/27, 35263/27 ]_m )
, ( -307/36 * m + [ 69911/54, 140743/108 ]_m )
 ]_n * n + [ ( 663 * m + [ -43524, -44187 ]_m )
, ( 23707/36 * m + [ -14105665/324, -3579757/81 ]_m )
, ( 5890/9 * m + [ -3527084/81, -3580094/81 ]_m )
, ( 663 * m + [ -174097/4, -176749/4 ]_m )
, ( 5929/9 * m + [ -3526369/81, -3579730/81 ]_m )
, ( 5890/9 * m + [ -14108255/324, -14320295/324 ]_m )
 ]_n )

---------------------------------------
Domain:
         n - p  >= 0
         - p + 100 >= 0
         m  >= 0
         -2n + 3p  >= 0

Vertices:
[ n-p,  n+m/2-p,  0 ]
[ n-p,  0,  0 ]
[ n/3,  n/3+m/2,  -n/6+p/4 ]
[ n/3,  n/3+m/2,  0 ]
[ n/3,  0,  -n/6+p/4 ]
[ n/3,  0,  0 ]

Ehrhart Polynomial:
( 5/162 * n^3 + [ ( 1/36 * m + [ ( -1/9 * p + -1/4 )
, ( -1/9 * p + -5/18 )
 ]_m )
, ( 1/36 * m + [ ( -1/9 * p + -25/108 )
, ( -1/9 * p + -7/27 )
 ]_m )
, ( 1/36 * m + [ ( -1/9 * p + -23/108 )
, ( -1/9 * p + -13/54 )
 ]_m )
 ]_n * n^2 + [ ( ( -1/12 * p + -1/4 )
 * m + [ ( 1/8 * p^2 + 1/2 * p + [ 2/9, 19/72, 2/9, 7/72 ]_p )
, ( 1/8 * p^2 + 7/12 * p + [ 17/36, 37/72, 17/36, 25/72 ]_p )
 ]_m )
, ( ( -1/12 * p + -2/9 )
 * m + [ ( 1/8 * p^2 + 17/36 * p + [ 5/54, 47/216, 7/27, 47/216 ]_p )
, ( 1/8 * p^2 + 5/9 * p + [ 17/54, 95/216, 13/27, 95/216 ]_p )
 ]_m )
, ( ( -1/12 * p + -7/36 )
 * m + [ ( 1/8 * p^2 + 4/9 * p + [ 11/54, 17/216, 11/54, 53/216 ]_p )
, ( 1/8 * p^2 + 19/36 * p + [ 43/108, 59/216, 43/108, 95/216 ]_p )
 ]_m )
, ( ( -1/12 * p + -1/4 )
 * m + [ ( 1/8 * p^2 + 1/2 * p + [ 2/9, 7/72, 2/9, 19/72 ]_p )
, ( 1/8 * p^2 + 7/12 * p + [ 17/36, 25/72, 17/36, 37/72 ]_p )
 ]_m )
, ( ( -1/12 * p + -2/9 )
 * m + [ ( 1/8 * p^2 + 17/36 * p + [ 7/27, 47/216, 5/54, 47/216 ]_p )
, ( 1/8 * p^2 + 5/9 * p + [ 13/27, 95/216, 17/54, 95/216 ]_p )
 ]_m )
, ( ( -1/12 * p + -7/36 )
 * m + [ ( 1/8 * p^2 + 4/9 * p + [ 11/54, 53/216, 11/54, 17/216 ]_p )
, ( 1/8 * p^2 + 19/36 * p + [ 43/108, 95/216, 43/108, 59/216 ]_p )
 ]_m )
 ]_n * n + [ ( ( 1/16 * p^2 + 3/8 * p + [ 1/2, 9/16, 1/2, 5/16 ]_p )
 * m + [ ( -1/24 * p^3 + -3/16 * p^2 + 1/6 * p + [ 1, 17/16, 3/4, 5/16 ]_p )
, ( -1/24 * p^3 + -1/4 * p^2 + -5/24 * p + [ 1/2, 1/2, 1/4, 0 ]_p )
 ]_m )
, ( ( 1/16 * p^2 + 1/3 * p + [ 7/36, 55/144, 4/9, 55/144 ]_p )
 * m + [ ( -1/24 * p^3 + -3/16 * p^2 + 1/18 * p + [ 35/324, 869/1296, 56/81, 545/1296 ]_p )
, ( -1/24 * p^3 + -1/4 * p^2 + -5/18 * p + [ -7/81, 187/648, 20/81, 25/648 ]_p )
 ]_m )
, ( ( 1/16 * p^2 + 7/24 * p + [ 5/18, 13/144, 5/18, 49/144 ]_p )
 * m + [ ( -1/24 * p^3 + -3/16 * p^2 + -1/36 * p + [ 16/81, 13/1296, 145/324, 553/1296 ]_p )
, ( -1/24 * p^3 + -1/4 * p^2 + -23/72 * p + [ -13/162, -13/162, 55/324, 7/81 ]_p )
 ]_m )
, ( ( 1/16 * p^2 + 3/8 * p + [ 1/2, 5/16, 1/2, 9/16 ]_p )
 * m + [ ( -1/24 * p^3 + -3/16 * p^2 + 1/6 * p + [ 3/4, 5/16, 1, 17/16 ]_p )
, ( -1/24 * p^3 + -1/4 * p^2 + -5/24 * p + [ 1/4, 0, 1/2, 1/2 ]_p )
 ]_m )
, ( ( 1/16 * p^2 + 1/3 * p + [ 4/9, 55/144, 7/36, 55/144 ]_p )
 * m + [ ( -1/24 * p^3 + -3/16 * p^2 + 1/18 * p + [ 56/81, 545/1296, 35/324, 869/1296 ]_p )
, ( -1/24 * p^3 + -1/4 * p^2 + -5/18 * p + [ 20/81, 25/648, -7/81, 187/648 ]_p )
 ]_m )
, ( ( 1/16 * p^2 + 7/24 * p + [ 5/18, 49/144, 5/18, 13/144 ]_p )
 * m + [ ( -1/24 * p^3 + -3/16 * p^2 + -1/36 * p + [ 145/324, 553/1296, 16/81, 13/1296 ]_p )
, ( -1/24 * p^3 + -1/4 * p^2 + -23/72 * p + [ 55/324, 7/81, -13/162, -13/162 ]_p )
 ]_m )
 ]_n )

---------------------------------------
Domain:
         p  -100 >= 0
         - n + 100 >= 0
         m  >= 0
         n  >= 0

Vertices:
[ n/3,  n/3+m/2,  -n/6+25 ]
[ n/3,  n/3+m/2,  0 ]
[ n/3,  0,  -n/6+25 ]
[ n/3,  0,  0 ]
[ 0,  m/2,  -n/4+25 ]
[ 0,  m/2,  0 ]
[ 0,  0,  -n/4+25 ]
[ 0,  0,  0 ]

Ehrhart Polynomial:
( -7/648 * n^3 + [ ( -5/144 * m + [ 191/144, 49/36 ]_m )
, ( -5/144 * m + [ 581/432, 149/108 ]_m )
, ( -5/144 * m + [ 589/432, 151/108 ]_m )
 ]_n * n^2 + [ ( 25/6 * m + [ 455/36, 305/36 ]_m )
, ( 151/36 * m + [ 1051/108, 299/54 ]_m )
, ( 38/9 * m + [ 763/108, 307/108 ]_m )
, ( 25/6 * m + [ 455/36, 305/36 ]_m )
, ( 151/36 * m + [ 1069/108, 154/27 ]_m )
, ( 38/9 * m + [ 763/108, 307/108 ]_m )
 ]_n * n + [ ( 13 * m + [ 26, 13 ]_m )
, ( 1201/144 * m + [ 18059/1296, 3625/648 ]_m )
, ( 151/36 * m + [ 1783/324, 106/81 ]_m )
, ( 205/16 * m + [ 407/16, 101/8 ]_m )
, ( 79/9 * m + [ 1181/81, 470/81 ]_m )
, ( 613/144 * m + [ 7699/1296, 1091/648 ]_m )
, ( 51/4 * m + [ 103/4, 13 ]_m )
, ( 1201/144 * m + [ 17735/1296, 3463/648 ]_m )
, ( 40/9 * m + [ 466/81, 106/81 ]_m )
, ( 205/16 * m + [ 411/16, 103/8 ]_m )
, ( 307/36 * m + [ 4643/324, 470/81 ]_m )
, ( 613/144 * m + [ 7375/1296, 929/648 ]_m )
 ]_n )

---------------------------------------
Domain:
         - p + 100 >= 0
         - n + p  >= 0
         m  >= 0
         n  >= 0

Vertices:
[ n/3,  n/3+m/2,  -n/6+p/4 ]
[ n/3,  n/3+m/2,  0 ]
[ n/3,  0,  -n/6+p/4 ]
[ n/3,  0,  0 ]
[ 0,  m/2,  -n/4+p/4 ]
[ 0,  m/2,  0 ]
[ 0,  0,  -n/4+p/4 ]
[ 0,  0,  0 ]

Ehrhart Polynomial:
( -7/648 * n^3 + [ ( -5/144 * m + [ ( 1/72 * p + -1/16 )
, ( 1/72 * p + -1/36 )
 ]_m )
, ( -5/144 * m + [ ( 1/72 * p + -19/432 )
, ( 1/72 * p + -1/108 )
 ]_m )
, ( -5/144 * m + [ ( 1/72 * p + -11/432 )
, ( 1/72 * p + 1/108 )
 ]_m )
 ]_n * n^2 + [ ( ( 1/24 * p + 0 )
 * m + [ ( 1/8 * p + [ 5/36, 13/72, 5/36, 1/72 ]_p )
, ( 1/12 * p + [ 5/36, 13/72, 5/36, 1/72 ]_p )
 ]_m )
, ( ( 1/24 * p + 1/36 )
 * m + [ ( 7/72 * p + [ 1/108, 29/216, 19/108, 29/216 ]_p )
, ( 1/18 * p + [ -1/54, 23/216, 4/27, 23/216 ]_p )
 ]_m )
, ( ( 1/24 * p + 1/18 )
 * m + [ ( 5/72 * p + [ 13/108, -1/216, 13/108, 35/216 ]_p )
, ( 1/36 * p + [ 7/108, -13/216, 7/108, 23/216 ]_p )
 ]_m )
, ( ( 1/24 * p + 0 )
 * m + [ ( 1/8 * p + [ 5/36, 1/72, 5/36, 13/72 ]_p )
, ( 1/12 * p + [ 5/36, 1/72, 5/36, 13/72 ]_p )
 ]_m )
, ( ( 1/24 * p + 1/36 )
 * m + [ ( 7/72 * p + [ 19/108, 29/216, 1/108, 29/216 ]_p )
, ( 1/18 * p + [ 4/27, 23/216, -1/54, 23/216 ]_p )
 ]_m )
, ( ( 1/24 * p + 1/18 )
 * m + [ ( 5/72 * p + [ 13/108, 35/216, 13/108, -1/216 ]_p )
, ( 1/36 * p + [ 7/108, 23/216, 7/108, -13/216 ]_p )
 ]_m )
 ]_n * n + [ ( ( 1/8 * p + [ 1/2, 3/8, 1/4, 1/8 ]_p )
 * m + [ ( 1/4 * p + [ 1, 3/4, 1/2, 1/4 ]_p )
, ( 1/8 * p + [ 1/2, 3/8, 1/4, 1/8 ]_p )
 ]_m )
, ( ( 1/12 * p + [ 1/144, 55/144, 37/144, 19/144 ]_p )
 * m + [ ( 5/36 * p + [ 59/1296, 869/1296, 491/1296, 221/1296 ]_p )
, ( 1/18 * p + [ 25/648, 187/648, 79/648, 25/648 ]_p )
 ]_m )
, ( ( 1/24 * p + [ 1/36, -7/72, 5/18, 11/72 ]_p )
 * m + [ ( 1/18 * p + [ -17/324, -17/324, 145/324, 37/324 ]_p )
, ( 1/72 * p + [ -13/162, 29/648, 55/324, -25/648 ]_p )
 ]_m )
, ( ( 1/8 * p + [ 5/16, 1/16, 5/16, 9/16 ]_p )
 * m + [ ( 1/4 * p + [ 7/16, 1/16, 15/16, 17/16 ]_p )
, ( 1/8 * p + [ 1/8, 0, 5/8, 1/2 ]_p )
 ]_m )
, ( ( 1/12 * p + [ 4/9, 7/36, -1/18, 7/36 ]_p )
 * m + [ ( 5/36 * p + [ 56/81, 35/324, -23/162, 197/324 ]_p )
, ( 1/18 * p + [ 20/81, -7/81, -7/81, 67/162 ]_p )
 ]_m )
, ( ( 1/24 * p + [ 13/144, 49/144, 13/144, -23/144 ]_p )
 * m + [ ( 1/18 * p + [ 499/1296, 553/1296, -149/1296, -311/1296 ]_p )
, ( 1/72 * p + [ 191/648, 7/81, -133/648, -13/162 ]_p )
 ]_m )
, ( ( 1/8 * p + [ 1/4, 3/8, 1/2, 1/8 ]_p )
 * m + [ ( 1/4 * p + [ 3/4, 1, 3/4, 0 ]_p )
, ( 1/8 * p + [ 1/2, 5/8, 1/4, -1/8 ]_p )
 ]_m )
, ( ( 1/12 * p + [ 1/144, 19/144, 37/144, 55/144 ]_p )
 * m + [ ( 5/36 * p + [ -265/1296, 545/1296, 815/1296, 545/1296 ]_p )
, ( 1/18 * p + [ -137/648, 187/648, 241/648, 25/648 ]_p )
 ]_m )
, ( ( 1/24 * p + [ 5/18, -7/72, 1/36, 11/72 ]_p )
 * m + [ ( 1/18 * p + [ 16/81, -49/162, 16/81, 59/162 ]_p )
, ( 1/72 * p + [ -13/162, -133/648, 55/324, 137/648 ]_p )
 ]_m )
, ( ( 1/8 * p + 5/16 )
 * m + [ ( 1/4 * p + [ 11/16, 5/16, 11/16, 13/16 ]_p )
, ( 1/8 * p + [ 3/8, 0, 3/8, 1/2 ]_p )
 ]_m )
, ( ( 1/12 * p + 7/36 )
 * m + [ ( 5/36 * p + [ 143/324, 29/81, 35/324, 29/81 ]_p )
, ( 1/18 * p + [ 20/81, 53/324, -7/81, 53/324 ]_p )
 ]_m )
, ( ( 1/24 * p + 13/144 )
 * m + [ ( 1/18 * p + [ 175/1296, 229/1296, 175/1296, 13/1296 ]_p )
, ( 1/72 * p + [ 29/648, 7/81, 29/648, -13/162 ]_p )
 ]_m )
 ]_n )

