---------------------------------------
Domain:
         Q  >= 0
         P  >= 0
         - P + R  >= 0
          1 >= 0

Vertices:
[ P,  2P+Q,  R ]
[ P,  2P+Q,  0 ]
[ P,  0,  R ]
[ P,  0,  0 ]
[ 0,  Q,  -P+R ]
[ 0,  Q,  0 ]
[ 0,  0,  -P+R ]
[ 0,  0,  0 ]

Ehrhart Polynomial:
( -1/3 * P^3 + ( -1/2 * Q + ( 1 * R + 1/2 )
 )
 * P^2 + ( ( 1 * R + 1/2 )
 * Q + ( 2 * R + 11/6 )
 )
 * P + ( ( 1 * R + 1 )
 * Q + ( 1 * R + 1 )
 )
 )

