---------------------------------------
Domain:
         N  >= 0
          1 >= 0

Vertices:
[ 5,  N ]
[ 5,  0 ]
[ 0,  N ]
[ 0,  0 ]

Ehrhart Polynomial:
( 6 * N + 6 )

