---------------------------------------
Domain:
         n  -1 >= 0
          1 >= 0

Vertices:
[ n,  n ]
[ 2n-1,  1 ]
[ 1,  1 ]

Ehrhart Polynomial:
( 1 * n^2 + 0 * n + 0 )

