---------------------------------------
Domain:
         n  -1 >= 0
          1 >= 0

Vertices:
[ 3n/2,  n ]
[ 1,  2/3  ]
[ 1,  n ]

Ehrhart Polynomial:
( 3/4 * n^2 + 1/2 * n + [ 0, -1/4 ]_n )

