---------------------------------------
Domain:
         2P + Q - T -2U  -1 >= 0
         P + 2Q - T -2U  -1 >= 0
         P + Q - R - S - T  >= 0
         - P + U + 1 >= 0
         T  -1 >= 0
         - Q + U  >= 0
         R - T  >= 0
         - R + U + 1 >= 0
         S - T  >= 0
         - S + U  >= 0
          1 >= 0

Vertices:
[ -P-Q+T+2U+2,  -P-Q+T+2U+2,  -P-Q+T+2U+1 ]
[ 2,  2,  1 ]

Ehrhart Polynomial:
( -1 * P + ( -1 * Q + ( 1 * T + ( 2 * U + 1 )
 )
 )
 )

---------------------------------------
Domain:
         2P + Q - T -2U  -1 >= 0
         P + 2Q - T -2U  -1 >= 0
         - P - Q + R + S + T  >= 0
         - R - S + 2U  >= 0
         - P + U + 1 >= 0
         T  -1 >= 0
         - Q + U  >= 0
         R - T  >= 0
         - R + U + 1 >= 0
         S - T  >= 0
         - S + U  >= 0
          1 >= 0

Vertices:
[ -P-Q+T+2U+2,  -P-Q+T+2U+2,  -P-Q+T+2U+1 ]
[ -P-Q+R+S+T+2,  -P-Q+R+S+T+2,  -P-Q+R+S+T+1 ]

Ehrhart Polynomial:
( -1 * R + ( -1 * S + ( 2 * U + 1 )
 )
 )

---------------------------------------
Domain:
         - P - Q + R + S + T  >= 0
         -2P - Q + T + 2U + 1 >= 0
         - P + Q  >= 0
         P - T  >= 0
         T  -1 >= 0
         - Q + U  >= 0
         R - T  >= 0
         - R + U + 1 >= 0
         S - T  >= 0
         - S + U  >= 0
         2P + Q - R - S - T  -1 >= 0
          1 >= 0

Vertices:
[ -P-Q+R+S+T+2,  -P-Q+R+S+T+2,  -P-Q+R+S+T+1 ]
[ P+1,  P+1,  P ]

Ehrhart Polynomial:
( 2 * P + ( 1 * Q + ( -1 * R + ( -1 * S + ( -1 * T + 0 )
 )
 )
 )
 )

---------------------------------------
Domain:
         - P - Q + R + S + T  >= 0
         - P -2Q + T + 2U + 1 >= 0
         P - Q  >= 0
         P + 2Q - R - S - T  -1 >= 0
         Q - T  >= 0
         - P + U + 1 >= 0
         T  -1 >= 0
         - Q + U  >= 0
         R - T  >= 0
         - R + U + 1 >= 0
         S - T  >= 0
         - S + U  >= 0
          1 >= 0

Vertices:
[ -P-Q+R+S+T+2,  -P-Q+R+S+T+2,  -P-Q+R+S+T+1 ]
[ Q+1,  Q+1,  Q ]

Ehrhart Polynomial:
( 1 * P + ( 2 * Q + ( -1 * R + ( -1 * S + ( -1 * T + 0 )
 )
 )
 )
 )

---------------------------------------
Domain:
         - P -2Q + T + 2U + 1 >= 0
         P - Q  >= 0
         P + Q - R - S - T  >= 0
         Q - T  >= 0
         - P + U + 1 >= 0
         T  -1 >= 0
         - Q + U  >= 0
         R - T  >= 0
         - R + U + 1 >= 0
         S - T  >= 0
         - S + U  >= 0
          1 >= 0

Vertices:
[ Q+1,  Q+1,  Q ]
[ 2,  2,  1 ]

Ehrhart Polynomial:
( 1 * Q + 0 )

---------------------------------------
Domain:
         -2P - Q + T + 2U + 1 >= 0
         - P + Q  >= 0
         P + Q - R - S - T  >= 0
         P - T  >= 0
         T  -1 >= 0
         - Q + U  >= 0
         R - T  >= 0
         - R + U + 1 >= 0
         S - T  >= 0
         - S + U  >= 0
          1 >= 0

Vertices:
[ P+1,  P+1,  P ]
[ 2,  2,  1 ]

Ehrhart Polynomial:
( 1 * P + 0 )

