---------------------------------------
Domain:
         i0 - k0  -1 = 0
         j0 - k0  -1 = 0
         k0 - a1 + 2 >= 0
         a0 - a1  >= 0
         2k0 - a1 + 1 >= 0
         N - a0  >= 0
         -2k0 + 2a1  -3 >= 0
         - k0 + N  -2 >= 0

Vertices:
[ a1-1,  a1-1,  a1-2 ]
[ 2k0-a1+2,  2k0-a1+2,  2k0-a1+1 ]

Ehrhart Polynomial:
( -2 * k0 + ( 2 * a1 + -2 )
 )

---------------------------------------
Domain:
         i0 - k0  -1 = 0
         j0 - k0  -1 = 0
         k0 - a1 + 2 >= 0
         a0 - a1  >= 0
         -2k0 + a1  -1 >= 0
         N - a0  >= 0
         - k0 + N  -2 >= 0
         a1  -2 >= 0

Vertices:
[ a1-1,  a1-1,  a1-2 ]
[ 1,  1,  0 ]

Ehrhart Polynomial:
( 1 * a1 + -1 )

---------------------------------------
Domain:
         i0 - k0  -1 = 0
         j0 - k0  -1 = 0
         k0 - a0 + 2 >= 0
         - a0 + a1  >= 0
         2k0 - a1 + 1 >= 0
         -2k0 + a0 + a1  -3 >= 0
         - k0 + a0  -1 >= 0
         - k0 + N  -2 >= 0
         N - a1 + 1 >= 0

Vertices:
[ a0-1,  a0-1,  a0-2 ]
[ 2k0-a1+2,  2k0-a1+2,  2k0-a1+1 ]

Ehrhart Polynomial:
( -2 * k0 + ( 1 * a0 + ( 1 * a1 + -2 )
 )
 )

---------------------------------------
Domain:
         i0 - k0  -1 = 0
         j0 - k0  -1 = 0
         k0 - a0 + 2 >= 0
         - a0 + a1  >= 0
         -2k0 + a1  -1 >= 0
         - k0 + a0  -1 >= 0
         - k0 + N  -2 >= 0
         N - a1 + 1 >= 0
         a0  -2 >= 0

Vertices:
[ a0-1,  a0-1,  a0-2 ]
[ 1,  1,  0 ]

Ehrhart Polynomial:
( 1 * a0 + -1 )

---------------------------------------
Domain:
         i0 - k0  -1 = 0
         j0 - k0  -1 = 0
         -2k0 + a1  -1 >= 0
         - k0 + a1  -2 >= 0
         - k0 + a0  -2 >= 0
         N - a0  >= 0
         N - a1 + 1 >= 0
         k0  >= 0
          1 >= 0

Vertices:
[ 1,  1,  0 ]
[ k0+1,  k0+1,  k0 ]

Ehrhart Polynomial:
( 1 * k0 + 1 )

---------------------------------------
Domain:
         i0 - k0  -1 = 0
         j0 - k0  -1 = 0
         2k0 - a1 + 1 >= 0
         - k0 + a1  -2 >= 0
         - k0 + a0  -2 >= 0
         N - a0  >= 0
         N - a1 + 1 >= 0
          1 >= 0

Vertices:
[ 2k0-a1+2,  2k0-a1+2,  2k0-a1+1 ]
[ k0+1,  k0+1,  k0 ]

Ehrhart Polynomial:
( -1 * k0 + ( 1 * a1 + 0 )
 )

