---------------------------------------
Domain:
         i0 - k0  -1 = 0
         j0 - k0  -1 = 0
         -3k0 + a0 + a1  -2 >= 0
         - k0 + a0  -1 >= 0
         - k0 + a1  -1 >= 0
         k0  >= 0
         N - a0  >= 0
         N - a1 + 1 >= 0
         - k0 + N  -2 >= 0
          1 >= 0

Vertices:
[ 1,  1,  0 ]
[ k0+1,  k0+1,  k0 ]

Ehrhart Polynomial:
( 1 * k0 + 1 )

---------------------------------------
Domain:
         i0 - k0  -1 = 0
         j0 - k0  -1 = 0
         3k0 - a0 - a1 + 2 >= 0
         - k0 + a0  -1 >= 0
         - k0 + a1  -1 >= 0
         N - a0  >= 0
         N - a1 + 1 >= 0
         - k0 + N  -2 >= 0
          1 >= 0

Vertices:
[ 3k0-a0-a1+3,  3k0-a0-a1+3,  3k0-a0-a1+2 ]
[ k0+1,  k0+1,  k0 ]

Ehrhart Polynomial:
( -2 * k0 + ( 1 * a0 + ( 1 * a1 + -1 )
 )
 )

