---------------------------------------
Domain:
         4P -3Q  >= 0
         Q  >= 0
          1 >= 0

Vertices:
[ P/3,  4P/3-Q,  0,  0 ]
[ 0,  3P/2-Q,  P/2,  0 ]
[ 0,  2P-Q,  0,  P ]

Ehrhart Polynomial:
( 1/12 * P^2 + 1/2 * P + [ 1, 5/12, 2/3, 3/4, 2/3, 5/12 ]_P )

---------------------------------------
Domain:
         -4P + 3Q  >= 0
         3P -2Q  >= 0
          1 >= 0

Vertices:
[ 3P-2Q,  0,  -4P+3Q,  0 ]
[ P-Q/2,  0,  0,  -2P+3Q/2 ]
[ 0,  3P/2-Q,  P/2,  0 ]
[ 0,  2P-Q,  0,  P ]

Ehrhart Polynomial:
( -5/4 * P^2 + ( 2 * Q + 1/2 )
 * P + [ ( -3/4 * Q^2 + 0 * Q + [ 1, 3/4 ]_Q )
, ( -3/4 * Q^2 + 0 * Q + [ 3/4, 1/2 ]_Q )
 ]_P )

---------------------------------------
Domain:
         -3P + 2Q  >= 0
         2P - Q  >= 0
          1 >= 0

Vertices:
[ P-Q/2,  0,  0,  -2P+3Q/2 ]
[ 0,  2P-Q,  0,  P ]
[ 0,  0,  2P-Q,  -3P+2Q ]

Ehrhart Polynomial:
( 1 * P^2 + ( -1 * Q + 2 )
 * P + ( 1/4 * Q^2 + -1 * Q + [ 1, 3/4 ]_Q )
 )

