---------------------------------------
Domain:
         - P + 19 >= 0
         P  -18 >= 0

Vertices:
[ P/4+29/2 ,  4,  P-1,  19P/20+1/20  ]
[ P/4+29/2 ,  4,  P-1,  P-1 ]
[ P/4+57/4 ,  4,  P-1,  19P/20+1/20  ]
[ P/4+57/4 ,  4,  P-1,  P-1 ]
[ P/4+29/2 ,  4,  19P/20+1/20 ,  19P/20+1/20  ]
[ P/4+29/2 ,  4,  19P/20+1/20 ,  P-1 ]
[ P/4+57/4 ,  4,  19P/20+1/20 ,  19P/20+1/20  ]
[ P/4+57/4 ,  4,  19P/20+1/20 ,  P-1 ]
[ 21P/4-181/2 ,  P-17,  19P/20+1/20 ,  19P/20+1/20  ]
[ 21P/4-363/4 ,  P-17,  19P/20+1/20 ,  19P/20+1/20  ]

Ehrhart Polynomial:
( [ 0, 0, -1/1200, -1/1200 ]_P * P^3 + [ 0, 0, 13/400, 7/200, 0, 0, 17/400, 9/200, 0, 0, 21/400, 11/200, 0, 0, 1/16, 13/200, 0, 0, 29/400, 3/40 ]_P * P^2 + [ 0, 0, -29/75, -109/240, 0, 0, -103/150, -929/1200, 0, 0, -16/15, -1409/1200, 0, 0, -229/150, -397/240, 0, 0, -31/15, -2657/1200 ]_P * P + [ 0, 0, 33/20, 207/100, 0, 0, 377/100, 9/2, 0, 0, 29/4, 837/100, 0, 0, 1241/100, 14, 0, 0, 1957/100, 2171/100 ]_P )

