---------------------------------------
Domain:
         - P + 20 >= 0
         P  >= 0

Vertices:
[ 10,  10 ]
[ 10,  -10 ]
[ 20,  0 ]
[ P/2,  P/2 ]
[ P/2,  -P/2 ]

Ehrhart Polynomial:
( -1/4 * P^2 + [ 0, -1/2 ]_P * P + [ 221, 883/4 ]_P )

---------------------------------------
Domain:
         P  -20 >= 0
         - P + 40 >= 0

Vertices:
[ 20,  0 ]
[ P/2,  -P/2+20 ]
[ P/2,  P/2-20 ]

Ehrhart Polynomial:
( 1/4 * P^2 + [ -21, -41/2 ]_P * P + [ 441, 1681/4 ]_P )

