---------------------------------------
Domain:
         P  -11 = 0
          1 >= 0

Vertices:
[   0 ]
[  11 ]/   2 

Ehrhart Polynomial:
( 6 )

