---------------------------------------
Domain:
         P  -10 = 0
          1 >= 0

Vertices:
[   0 ]
[  10 ]

Ehrhart Polynomial:
( 11 )

