---------------------------------------
Domain:
         M - N + 5 = 0
         N  -5 >= 0
          1 >= 0

Vertices:
[ N ]
[ N-5 ]

Ehrhart Polynomial:
6
