---------------------------------------
Domain:
         2M - N  = 0
         N  >= 0
          1 >= 0

Vertices:
[ N/2 ]
[ 0 ]

Ehrhart Polynomial:
( 1/2 * N + [ 1, 1/2 ]_N )

